

================================================================
== Synthesis Summary Report of 'AirLight'
================================================================
+ General Information: 
    * Date:           Mon Sep  5 11:58:23 2022
    * Version:        2020.2 (Build 3064766 on Wed Nov 18 09:12:45 MST 2020)
    * Project:        AirLight
    * Solution:       solution1 (Vivado IP Flow Target)
    * Product family: zynq
    * Target device:  xc7z020-clg400-1
    

+ Performance & Resource Estimates: 
    
    PS: '+' for module; 'o' for loop; '*' for dataflow
    +--------------------+------+-------+---------+-----------+----------+---------+------+----------+--------+---------+-----------+-----------+-----+
    |       Modules      | Issue|       | Latency |  Latency  | Iteration|         | Trip |          |        |         |           |           |     |
    |       & Loops      | Type | Slack | (cycles)|    (ns)   |  Latency | Interval| Count| Pipelined|  BRAM  |   DSP   |     FF    |    LUT    | URAM|
    +--------------------+------+-------+---------+-----------+----------+---------+------+----------+--------+---------+-----------+-----------+-----+
    |+ AirLight          |     -|  -0.35|        -|          -|         -|        -|     -|        no|  3 (1%)|  11 (5%)|  4206 (3%)|  5035 (9%)|    -|
    | o Loop 1           |     -|  -7.30|      256|  2.560e+03|         1|        1|   256|       yes|       -|        -|          -|          -|    -|
    | o Loop 2           |     -|  -7.30|      256|  2.560e+03|         1|        1|   256|       yes|       -|        -|          -|          -|    -|
    | o Loop 3           |     -|  -7.30|      256|  2.560e+03|         1|        1|   256|       yes|       -|        -|          -|          -|    -|
    | o VITIS_LOOP_16_1  |     -|  -7.30|        -|          -|         5|        3|     -|       yes|       -|        -|          -|          -|    -|
    | o VITIS_LOOP_29_2  |     -|  -7.30|      770|  7.700e+03|         3|        3|   256|       yes|       -|        -|          -|          -|    -|
    | o VITIS_LOOP_34_3  |     -|  -7.30|        -|          -|         5|        1|     -|       yes|       -|        -|          -|          -|    -|
    | o VITIS_LOOP_40_4  |     -|  -7.30|      770|  7.700e+03|         3|        3|   256|       yes|       -|        -|          -|          -|    -|
    | o VITIS_LOOP_45_5  |     -|  -7.30|        -|          -|         5|        1|     -|       yes|       -|        -|          -|          -|    -|
    | o VITIS_LOOP_51_6  |     -|  -7.30|      770|  7.700e+03|         3|        3|   256|       yes|       -|        -|          -|          -|    -|
    | o VITIS_LOOP_56_7  |     -|  -7.30|        -|          -|         5|        1|     -|       yes|       -|        -|          -|          -|    -|
    +--------------------+------+-------+---------+-----------+----------+---------+------+----------+--------+---------+-----------+-----------+-----+

